// Jest Snapshot v1, https://goo.gl/fbAQLP

exports[`<Cart /> renders correctly 1`] = `
<ScrollView>
  <View
    style={
      Object {
        "alignItems": "center",
      }
    }
  >
    <TouchableWithoutFeedback
      onPress={[Function]}
    >
      <Image
        source={
          Object {
            "testUri": "../../../src/components/Header/logo.jpg",
          }
        }
        style={
          Object {
            "margin": 16,
          }
        }
        testID="logo"
      />
    </TouchableWithoutFeedback>
    <View>
      <View
        style={
          Object {
            "flexDirection": "row",
            "paddingBottom": 16,
          }
        }
      >
        <TouchableHighlight
          activeOpacity={0.85}
          delayPressOut={100}
          onPress={[Function]}
          underlayColor="black"
        >
          <Text
            style={
              Object {
                "borderColor": "blue",
                "borderRadius": 32,
                "borderWidth": 1,
                "color": "blue",
                "fontWeight": "bold",
                "marginHorizontal": 8,
                "padding": 12,
              }
            }
            testID="clear-cart"
          >
            clear cart
          </Text>
        </TouchableHighlight>
        <TouchableWithoutFeedback
          onPress={[Function]}
        >
          <Text
            style={
              Object {
                "borderColor": "blue",
                "borderRadius": 32,
                "borderWidth": 1,
                "color": "blue",
                "fontWeight": "bold",
                "marginHorizontal": 8,
                "padding": 12,
              }
            }
            testID="checkout"
          >
            checkout
          </Text>
        </TouchableWithoutFeedback>
      </View>
      <View
        style={
          Object {
            "alignItems": "center",
            "flexDirection": "row",
            "justifyContent": "center",
            "paddingBottom": 16,
          }
        }
      >
        <Image
          source={
            Object {
              "testUri": "../../../src/components/Header/cart.gif",
            }
          }
        />
        <Text
          testID="cart-items"
        >
           
          1
           items
        </Text>
      </View>
    </View>
  </View>
  <View
    style={
      Object {
        "alignItems": "center",
        "flexDirection": "row",
        "paddingBottom": 24,
        "paddingLeft": 32,
      }
    }
  >
    <Image
      source={
        Object {
          "testUri": "../../../assets/img/products/milk.png",
        }
      }
      testID="image-milk"
    />
    <View
      style={
        Object {
          "flexDirection": "column",
          "paddingLeft": 24,
        }
      }
    >
      <Text
        style={
          Object {
            "fontWeight": "bold",
          }
        }
        testID="name-milk"
      >
        milk
      </Text>
      <Text
        style={
          Object {
            "fontWeight": "bold",
          }
        }
      >
        € 
        1.70
      </Text>
      <Text
        style={
          Object {
            "paddingBottom": 8,
          }
        }
        testID="price-milk"
      >
        € 
        1.70
      </Text>
      <TextInput
        allowFontScaling={true}
        name="quantity"
        onChange={[Function]}
        placeholder="Enter quantity"
        rejectResponderTermination={true}
        style={
          Object {
            "borderBottomColor": "black",
            "borderBottomWidth": 1,
            "marginBottom": 8,
          }
        }
        underlineColorAndroid="transparent"
        value="1"
      />
      <Button
        onPress={[Function]}
        testID="submit-milk"
        title="update"
      />
    </View>
  </View>
</ScrollView>
`;
